AutoDock Vina v1.2.7
#################################################################
# If you used AutoDock Vina in your work, please cite:          #
#                                                               #
# J. Eberhardt, D. Santos-Martins, A. F. Tillack, and S. Forli  #
# AutoDock Vina 1.2.0: New Docking Methods, Expanded Force      #
# Field, and Python Bindings, J. Chem. Inf. Model. (2021)       #
# DOI 10.1021/acs.jcim.1c00203                                  #
#                                                               #
# O. Trott, A. J. Olson,                                        #
# AutoDock Vina: improving the speed and accuracy of docking    #
# with a new scoring function, efficient optimization and       #
# multithreading, J. Comp. Chem. (2010)                         #
# DOI 10.1002/jcc.21334                                         #
#                                                               #
# Please see https://github.com/ccsb-scripps/AutoDock-Vina for  #
# more information.                                             #
#################################################################

Scoring function : vina
Rigid receptor: c:\Users\Andre\Proyectos doctorado\nano-qsar-ai-therapeutics\data\raw\4UND_receptor.pdbqt
Ligand: c:\Users\Andre\Proyectos doctorado\nano-qsar-ai-therapeutics\calculations\tnbc\Pamiparib\Pamiparib_ligand.pdbqt
Grid center: X 1.145 Y 63.743 Z 188.035
Grid size  : X 22 Y 22 Z 22
Grid space : 0.375
Exhaustiveness: 8
CPU: 0
Verbosity: 1

Computing Vina grid ... done.
WARNING: At low exhaustiveness, it may be impossible to utilize all CPUs.
Performing docking (random seed: 1811639537) ... 
0%   10   20   30   40   50   60   70   80   90   100%
|----|----|----|----|----|----|----|----|----|----|
***************************************************

mode |   affinity | dist from best mode
     | (kcal/mol) | rmsd l.b.| rmsd u.b.
-----+------------+----------+----------
   1       -11.26          0          0
   2       -10.02      1.938      3.439
   3       -9.669        2.8      4.655
   4       -8.957      2.433       3.82
   5       -8.819      4.191      6.203
   6       -8.751      6.294       8.56
   7       -8.595      2.149      2.839
   8       -8.563      5.887      7.926
   9       -8.335       5.09      6.638
# Command: c:\Users\Andre\Proyectos doctorado\nano-qsar-ai-therapeutics\src\docking\vina.exe --receptor c:\Users\Andre\Proyectos doctorado\nano-qsar-ai-therapeutics\data\raw\4UND_receptor.pdbqt --ligand c:\Users\Andre\Proyectos doctorado\nano-qsar-ai-therapeutics\calculations\tnbc\Pamiparib\Pamiparib_ligand.pdbqt --center_x 1.145 --center_y 63.743 --center_z 188.035 --size_x 22.0 --size_y 22.0 --size_z 22.0 --num_modes 9 --exhaustiveness 8 --out c:\Users\Andre\Proyectos doctorado\nano-qsar-ai-therapeutics\calculations\tnbc\Pamiparib\Pamiparib_out.pdbqt
