AutoDock Vina v1.2.7
#################################################################
# If you used AutoDock Vina in your work, please cite:          #
#                                                               #
# J. Eberhardt, D. Santos-Martins, A. F. Tillack, and S. Forli  #
# AutoDock Vina 1.2.0: New Docking Methods, Expanded Force      #
# Field, and Python Bindings, J. Chem. Inf. Model. (2021)       #
# DOI 10.1021/acs.jcim.1c00203                                  #
#                                                               #
# O. Trott, A. J. Olson,                                        #
# AutoDock Vina: improving the speed and accuracy of docking    #
# with a new scoring function, efficient optimization and       #
# multithreading, J. Comp. Chem. (2010)                         #
# DOI 10.1002/jcc.21334                                         #
#                                                               #
# Please see https://github.com/ccsb-scripps/AutoDock-Vina for  #
# more information.                                             #
#################################################################

Scoring function : vina
Rigid receptor: C:\Users\Andre\Proyectos doctorado\nano-qsar-ai-papers\nano-qsar-ai-therapeutics\data\raw\4UND_A_receptor.pdbqt
Ligand: C:\Users\Andre\Proyectos doctorado\nano-qsar-ai-papers\nano-qsar-ai-therapeutics\data\raw\ligands_pdbqt\Alpelisib_c1.pdbqt
Grid center: X 1.146 Y 63.743 Z 188.035
Grid size  : X 22 Y 22 Z 22
Grid space : 0.375
Exhaustiveness: 16
CPU: 4
Verbosity: 1

Computing Vina grid ... done.
Performing docking (random seed: 42) ... 
0%   10   20   30   40   50   60   70   80   90   100%
|----|----|----|----|----|----|----|----|----|----|
***************************************************

mode |   affinity | dist from best mode
     | (kcal/mol) | rmsd l.b.| rmsd u.b.
-----+------------+----------+----------
   1       -9.294          0          0
   2       -9.287      5.021      9.419
   3       -9.261      4.653      9.327
   4        -9.16      4.514      9.145
   5       -9.099      4.901      9.332
   6        -8.98        1.5      2.129
   7       -8.947      4.993      9.747
   8       -8.795      5.025      9.607
   9       -8.709      4.883      9.287
