AutoDock Vina v1.2.7
#################################################################
# If you used AutoDock Vina in your work, please cite:          #
#                                                               #
# J. Eberhardt, D. Santos-Martins, A. F. Tillack, and S. Forli  #
# AutoDock Vina 1.2.0: New Docking Methods, Expanded Force      #
# Field, and Python Bindings, J. Chem. Inf. Model. (2021)       #
# DOI 10.1021/acs.jcim.1c00203                                  #
#                                                               #
# O. Trott, A. J. Olson,                                        #
# AutoDock Vina: improving the speed and accuracy of docking    #
# with a new scoring function, efficient optimization and       #
# multithreading, J. Comp. Chem. (2010)                         #
# DOI 10.1002/jcc.21334                                         #
#                                                               #
# Please see https://github.com/ccsb-scripps/AutoDock-Vina for  #
# more information.                                             #
#################################################################

Scoring function : vina
Rigid receptor: c:\Users\Andre\Proyectos doctorado\nano-qsar-ai-therapeutics\data\raw\4UND_receptor.pdbqt
Ligand: c:\Users\Andre\Proyectos doctorado\nano-qsar-ai-therapeutics\data\raw\ligands_pdbqt\Capecitabine.pdbqt
Grid center: X 12.6307 Y 55.4499 Z 206.738
Grid size  : X 22 Y 22 Z 22
Grid space : 0.375
Exhaustiveness: 8
CPU: 0
Verbosity: 1

Computing Vina grid ... done.
Performing docking (random seed: 1546622645) ... 
0%   10   20   30   40   50   60   70   80   90   100%
|----|----|----|----|----|----|----|----|----|----|
***************************************************

mode |   affinity | dist from best mode
     | (kcal/mol) | rmsd l.b.| rmsd u.b.
-----+------------+----------+----------
   1       -5.763          0          0
   2       -5.724      1.724      2.492
   3       -5.715      2.072      7.971
   4       -5.704      7.057      11.69
   5       -5.676      6.407      11.64
   6       -5.584       5.99      9.129
   7       -5.563      6.102      11.56
   8       -5.547      6.322      11.87
   9       -5.452      5.953      11.52
