AutoDock Vina v1.2.7
#################################################################
# If you used AutoDock Vina in your work, please cite:          #
#                                                               #
# J. Eberhardt, D. Santos-Martins, A. F. Tillack, and S. Forli  #
# AutoDock Vina 1.2.0: New Docking Methods, Expanded Force      #
# Field, and Python Bindings, J. Chem. Inf. Model. (2021)       #
# DOI 10.1021/acs.jcim.1c00203                                  #
#                                                               #
# O. Trott, A. J. Olson,                                        #
# AutoDock Vina: improving the speed and accuracy of docking    #
# with a new scoring function, efficient optimization and       #
# multithreading, J. Comp. Chem. (2010)                         #
# DOI 10.1002/jcc.21334                                         #
#                                                               #
# Please see https://github.com/ccsb-scripps/AutoDock-Vina for  #
# more information.                                             #
#################################################################

Scoring function : vina
Rigid receptor: c:\Users\Andre\Proyectos doctorado\nano-qsar-ai-therapeutics\data\raw\4UND_receptor.pdbqt
Ligand: c:\Users\Andre\Proyectos doctorado\nano-qsar-ai-therapeutics\data\raw\ligands_pdbqt\Fluorouracil.pdbqt
Grid center: X 12.6307 Y 55.4499 Z 206.738
Grid size  : X 22 Y 22 Z 22
Grid space : 0.375
Exhaustiveness: 8
CPU: 0
Verbosity: 1

Computing Vina grid ... done.
Performing docking (random seed: -1699819623) ... 
0%   10   20   30   40   50   60   70   80   90   100%
|----|----|----|----|----|----|----|----|----|----|
***************************************************

mode |   affinity | dist from best mode
     | (kcal/mol) | rmsd l.b.| rmsd u.b.
-----+------------+----------+----------
   1       -3.981          0          0
   2       -3.968      19.14      19.56
   3       -3.958      18.45      18.93
   4       -3.935      18.92      19.22
   5       -3.911      1.614      2.231
   6       -3.891      18.84      19.07
   7       -3.868      18.69      19.15
   8       -3.825        3.3      3.947
   9       -3.811      2.549      3.145
