AutoDock Vina v1.2.7
#################################################################
# If you used AutoDock Vina in your work, please cite:          #
#                                                               #
# J. Eberhardt, D. Santos-Martins, A. F. Tillack, and S. Forli  #
# AutoDock Vina 1.2.0: New Docking Methods, Expanded Force      #
# Field, and Python Bindings, J. Chem. Inf. Model. (2021)       #
# DOI 10.1021/acs.jcim.1c00203                                  #
#                                                               #
# O. Trott, A. J. Olson,                                        #
# AutoDock Vina: improving the speed and accuracy of docking    #
# with a new scoring function, efficient optimization and       #
# multithreading, J. Comp. Chem. (2010)                         #
# DOI 10.1002/jcc.21334                                         #
#                                                               #
# Please see https://github.com/ccsb-scripps/AutoDock-Vina for  #
# more information.                                             #
#################################################################

Scoring function : vina
Rigid receptor: c:\Users\Andre\Proyectos doctorado\nano-qsar-ai-therapeutics\data\raw\4UND_receptor.pdbqt
Ligand: c:\Users\Andre\Proyectos doctorado\nano-qsar-ai-therapeutics\data\raw\ligands_pdbqt\Idarubicin.pdbqt
Grid center: X 12.6307 Y 55.4499 Z 206.738
Grid size  : X 22 Y 22 Z 22
Grid space : 0.375
Exhaustiveness: 8
CPU: 0
Verbosity: 1

Computing Vina grid ... done.
Performing docking (random seed: -1483588386) ... 
0%   10   20   30   40   50   60   70   80   90   100%
|----|----|----|----|----|----|----|----|----|----|
***************************************************

mode |   affinity | dist from best mode
     | (kcal/mol) | rmsd l.b.| rmsd u.b.
-----+------------+----------+----------
   1       -7.944          0          0
   2        -7.93      2.651      9.379
   3       -7.913      3.989      10.75
   4       -7.828      1.621      2.095
   5       -7.611      2.076      4.651
   6       -7.374      2.297      4.904
   7       -7.349      2.559      5.232
   8        -7.32      5.066      10.55
   9       -7.019      7.494      11.27
