AutoDock Vina v1.2.7
#################################################################
# If you used AutoDock Vina in your work, please cite:          #
#                                                               #
# J. Eberhardt, D. Santos-Martins, A. F. Tillack, and S. Forli  #
# AutoDock Vina 1.2.0: New Docking Methods, Expanded Force      #
# Field, and Python Bindings, J. Chem. Inf. Model. (2021)       #
# DOI 10.1021/acs.jcim.1c00203                                  #
#                                                               #
# O. Trott, A. J. Olson,                                        #
# AutoDock Vina: improving the speed and accuracy of docking    #
# with a new scoring function, efficient optimization and       #
# multithreading, J. Comp. Chem. (2010)                         #
# DOI 10.1002/jcc.21334                                         #
#                                                               #
# Please see https://github.com/ccsb-scripps/AutoDock-Vina for  #
# more information.                                             #
#################################################################

Scoring function : vina
Rigid receptor: c:\Users\Andre\Proyectos doctorado\nano-qsar-ai-therapeutics\data\raw\4UND_receptor.pdbqt
Ligand: c:\Users\Andre\Proyectos doctorado\nano-qsar-ai-therapeutics\data\raw\ligands_pdbqt\Methotrexate.pdbqt
Grid center: X 12.6307 Y 55.4499 Z 206.738
Grid size  : X 22 Y 22 Z 22
Grid space : 0.375
Exhaustiveness: 8
CPU: 0
Verbosity: 1

Computing Vina grid ... done.
Performing docking (random seed: 132033403) ... 
0%   10   20   30   40   50   60   70   80   90   100%
|----|----|----|----|----|----|----|----|----|----|
***************************************************

mode |   affinity | dist from best mode
     | (kcal/mol) | rmsd l.b.| rmsd u.b.
-----+------------+----------+----------
   1       -6.852          0          0
   2       -6.815      5.588      11.41
   3       -6.783      1.845      2.774
   4        -6.78      5.553      11.85
   5       -6.747      5.392      12.16
   6       -6.712        1.4      2.366
   7       -6.689      6.143      12.21
   8       -6.672      2.115      3.539
   9       -6.557      5.329      12.19
