AutoDock Vina v1.2.7
#################################################################
# If you used AutoDock Vina in your work, please cite:          #
#                                                               #
# J. Eberhardt, D. Santos-Martins, A. F. Tillack, and S. Forli  #
# AutoDock Vina 1.2.0: New Docking Methods, Expanded Force      #
# Field, and Python Bindings, J. Chem. Inf. Model. (2021)       #
# DOI 10.1021/acs.jcim.1c00203                                  #
#                                                               #
# O. Trott, A. J. Olson,                                        #
# AutoDock Vina: improving the speed and accuracy of docking    #
# with a new scoring function, efficient optimization and       #
# multithreading, J. Comp. Chem. (2010)                         #
# DOI 10.1002/jcc.21334                                         #
#                                                               #
# Please see https://github.com/ccsb-scripps/AutoDock-Vina for  #
# more information.                                             #
#################################################################

Scoring function : vina
Rigid receptor: C:\Users\Andre\Proyectos doctorado\nano-qsar-ai-papers\nano-qsar-ai-therapeutics\data\raw\4UND_A_receptor.pdbqt
Ligand: C:\Users\Andre\Proyectos doctorado\nano-qsar-ai-papers\nano-qsar-ai-therapeutics\data\raw\ligands_pdbqt\Paclitaxel_c1.pdbqt
Grid center: X 1.146 Y 63.743 Z 188.035
Grid size  : X 22 Y 22 Z 22
Grid space : 0.375
Exhaustiveness: 16
CPU: 4
Verbosity: 1

Computing Vina grid ... done.
Performing docking (random seed: 42) ... 
0%   10   20   30   40   50   60   70   80   90   100%
|----|----|----|----|----|----|----|----|----|----|
***************************************************

mode |   affinity | dist from best mode
     | (kcal/mol) | rmsd l.b.| rmsd u.b.
-----+------------+----------+----------
   1       -9.587          0          0
   2       -8.554      1.602      2.798
   3       -8.486      1.646      3.025
   4       -7.201      5.538      10.78
   5       -7.145      5.118      11.35
   6       -7.142      5.247      11.28
   7       -7.009      4.979      10.61
   8       -6.758      5.067      11.66
   9       -6.744      4.762      10.61
