AutoDock Vina v1.2.7
#################################################################
# If you used AutoDock Vina in your work, please cite:          #
#                                                               #
# J. Eberhardt, D. Santos-Martins, A. F. Tillack, and S. Forli  #
# AutoDock Vina 1.2.0: New Docking Methods, Expanded Force      #
# Field, and Python Bindings, J. Chem. Inf. Model. (2021)       #
# DOI 10.1021/acs.jcim.1c00203                                  #
#                                                               #
# O. Trott, A. J. Olson,                                        #
# AutoDock Vina: improving the speed and accuracy of docking    #
# with a new scoring function, efficient optimization and       #
# multithreading, J. Comp. Chem. (2010)                         #
# DOI 10.1002/jcc.21334                                         #
#                                                               #
# Please see https://github.com/ccsb-scripps/AutoDock-Vina for  #
# more information.                                             #
#################################################################

Scoring function : vina
Rigid receptor: c:\Users\Andre\Proyectos doctorado\nano-qsar-ai-therapeutics\data\raw\4UND_receptor.pdbqt
Ligand: c:\Users\Andre\Proyectos doctorado\nano-qsar-ai-therapeutics\calculations\tnbc\Erlotinib\Erlotinib_ligand.pdbqt
Grid center: X 1.145 Y 63.743 Z 188.035
Grid size  : X 22 Y 22 Z 22
Grid space : 0.375
Exhaustiveness: 8
CPU: 0
Verbosity: 1

Computing Vina grid ... done.
WARNING: At low exhaustiveness, it may be impossible to utilize all CPUs.
Performing docking (random seed: 1886093763) ... 
0%   10   20   30   40   50   60   70   80   90   100%
|----|----|----|----|----|----|----|----|----|----|
***************************************************

mode |   affinity | dist from best mode
     | (kcal/mol) | rmsd l.b.| rmsd u.b.
-----+------------+----------+----------
   1       -8.849          0          0
   2        -8.64      2.321      4.224
   3       -8.568        2.4      4.118
   4        -8.49      3.001      3.781
   5       -8.283      2.437      3.636
   6       -7.904      2.559      4.621
   7       -7.868      2.072      2.855
   8       -7.853      1.964      3.542
   9       -7.676      2.834      4.287
# Command: c:\Users\Andre\Proyectos doctorado\nano-qsar-ai-therapeutics\src\docking\vina.exe --receptor c:\Users\Andre\Proyectos doctorado\nano-qsar-ai-therapeutics\data\raw\4UND_receptor.pdbqt --ligand c:\Users\Andre\Proyectos doctorado\nano-qsar-ai-therapeutics\calculations\tnbc\Erlotinib\Erlotinib_ligand.pdbqt --center_x 1.145 --center_y 63.743 --center_z 188.035 --size_x 22.0 --size_y 22.0 --size_z 22.0 --num_modes 9 --exhaustiveness 8 --out c:\Users\Andre\Proyectos doctorado\nano-qsar-ai-therapeutics\calculations\tnbc\Erlotinib\Erlotinib_out.pdbqt
