AutoDock Vina v1.2.7
#################################################################
# If you used AutoDock Vina in your work, please cite:          #
#                                                               #
# J. Eberhardt, D. Santos-Martins, A. F. Tillack, and S. Forli  #
# AutoDock Vina 1.2.0: New Docking Methods, Expanded Force      #
# Field, and Python Bindings, J. Chem. Inf. Model. (2021)       #
# DOI 10.1021/acs.jcim.1c00203                                  #
#                                                               #
# O. Trott, A. J. Olson,                                        #
# AutoDock Vina: improving the speed and accuracy of docking    #
# with a new scoring function, efficient optimization and       #
# multithreading, J. Comp. Chem. (2010)                         #
# DOI 10.1002/jcc.21334                                         #
#                                                               #
# Please see https://github.com/ccsb-scripps/AutoDock-Vina for  #
# more information.                                             #
#################################################################

Scoring function : vina
Rigid receptor: c:\Users\Andre\Proyectos doctorado\nano-qsar-ai-therapeutics\data\raw\4UND_receptor.pdbqt
Ligand: c:\Users\Andre\Proyectos doctorado\nano-qsar-ai-therapeutics\calculations\tnbc\2YQ_redock_ligand.pdbqt
Grid center: X 12.631 Y 55.45 Z 206.738
Grid size  : X 24 Y 24 Z 24
Grid space : 0.375
Exhaustiveness: 16
CPU: 0
Verbosity: 1

Computing Vina grid ... done.
Performing docking (random seed: 966148254) ... 
0%   10   20   30   40   50   60   70   80   90   100%
|----|----|----|----|----|----|----|----|----|----|
***************************************************

mode |   affinity | dist from best mode
     | (kcal/mol) | rmsd l.b.| rmsd u.b.
-----+------------+----------+----------
   1       -8.103          0          0
   2       -7.893      4.166      6.613
   3       -7.857      3.042       4.49
   4       -7.778      10.22      12.52
   5       -7.549      3.944      6.875
   6       -7.286      4.313      6.299
   7       -7.269      4.569      6.218
   8       -7.236      10.46      13.96
   9       -7.135      7.575      10.71
