AutoDock Vina v1.2.7
#################################################################
# If you used AutoDock Vina in your work, please cite:          #
#                                                               #
# J. Eberhardt, D. Santos-Martins, A. F. Tillack, and S. Forli  #
# AutoDock Vina 1.2.0: New Docking Methods, Expanded Force      #
# Field, and Python Bindings, J. Chem. Inf. Model. (2021)       #
# DOI 10.1021/acs.jcim.1c00203                                  #
#                                                               #
# O. Trott, A. J. Olson,                                        #
# AutoDock Vina: improving the speed and accuracy of docking    #
# with a new scoring function, efficient optimization and       #
# multithreading, J. Comp. Chem. (2010)                         #
# DOI 10.1002/jcc.21334                                         #
#                                                               #
# Please see https://github.com/ccsb-scripps/AutoDock-Vina for  #
# more information.                                             #
#################################################################

Scoring function : vina
Rigid receptor: c:\Users\Andre\Proyectos doctorado\nano-qsar-ai-therapeutics\data\raw\4UND_receptor.pdbqt
Ligand: c:\Users\Andre\Proyectos doctorado\nano-qsar-ai-therapeutics\calculations\tnbc\Osimertinib\Osimertinib_ligand.pdbqt
Grid center: X 1.145 Y 63.743 Z 188.035
Grid size  : X 22 Y 22 Z 22
Grid space : 0.375
Exhaustiveness: 8
CPU: 0
Verbosity: 1

Computing Vina grid ... done.
WARNING: At low exhaustiveness, it may be impossible to utilize all CPUs.
Performing docking (random seed: -65935212) ... 
0%   10   20   30   40   50   60   70   80   90   100%
|----|----|----|----|----|----|----|----|----|----|
***************************************************

mode |   affinity | dist from best mode
     | (kcal/mol) | rmsd l.b.| rmsd u.b.
-----+------------+----------+----------
   1       -10.31          0          0
   2       -10.11     0.9762      1.871
   3       -9.698      1.622      3.995
   4       -9.389      2.077      5.281
   5       -9.332      1.859      3.646
   6       -8.305      2.857      4.288
   7       -8.063       2.93      9.117
   8       -8.002      3.369      5.408
   9       -7.918       3.38      5.684
# Command: c:\Users\Andre\Proyectos doctorado\nano-qsar-ai-therapeutics\src\docking\vina.exe --receptor c:\Users\Andre\Proyectos doctorado\nano-qsar-ai-therapeutics\data\raw\4UND_receptor.pdbqt --ligand c:\Users\Andre\Proyectos doctorado\nano-qsar-ai-therapeutics\calculations\tnbc\Osimertinib\Osimertinib_ligand.pdbqt --center_x 1.145 --center_y 63.743 --center_z 188.035 --size_x 22.0 --size_y 22.0 --size_z 22.0 --num_modes 9 --exhaustiveness 8 --out c:\Users\Andre\Proyectos doctorado\nano-qsar-ai-therapeutics\calculations\tnbc\Osimertinib\Osimertinib_out.pdbqt
